// Vitest Snapshot v1

exports[`Home component > renders correctly 1`] = `
{
  "asFragment": [Function],
  "baseElement": <body>
    <div>
      <div>
        <header
          class="bg-white shadow-md flex justify-between items-center"
        >
          <span
            class="cursor-pointer ml-3"
          >
            <a
              href="/"
            >
              <img
                src="/public/logo/ampath_Logo.png"
                width="180"
              />
            </a>
          </span>
          <nav
            class="md:mr-12"
          >
            <ul
              class="md:flex items-center gap-20"
            >
              <li
                class="text-sm"
              >
                Logged in as 
                <span
                  class="uppercase"
                >
                  <strong />
                </span>
              </li>
              <li
                class="text-lg flex gap-2 items-center hover:shadow-lg hover:bg-slate-300 p-2 rounded-sm cursor-pointer"
              >
                <svg
                  fill="currentColor"
                  height="1em"
                  stroke="currentColor"
                  stroke-width="0"
                  viewBox="0 0 24 24"
                  width="1em"
                  xmlns="http://www.w3.org/2000/svg"
                >
                  <path
                    d="M0 0h24v24H0z"
                    fill="none"
                  />
                  <path
                    d="M17 7l-1.41 1.41L18.17 11H8v2h10.17l-2.58 2.58L17 17l5-5zM4 5h8V3H4c-1.1 0-2 .9-2 2v14c0 1.1.9 2 2 2h8v-2H4V5z"
                  />
                </svg>
                Log out
              </li>
            </ul>
          </nav>
        </header>
      </div>
      <div
        class="bg-themeColor overflow-y-auto h-screen pt-10"
      >
        <div
          class="w-[80%] ml-[12%]"
        >
          <div
            class="w-[90%] mx-auto"
          >
            <div
              class="md:flex gap-10 m-4 mx-auto w-[95%] md:ml-20"
            >
              <input
                class="py-2 px-4 md:w-[60%] w-full outline-none rounded-xl shadow-lg"
                placeholder="Search patient by name"
                type="text"
                value=""
              />
              <div
                class="flex md:gap-11 gap-3 mt-4"
              >
                <button
                  class="bg-blue-800/70 text-lg text-white py-2 px-12 rounded-xl hover:bg-white border hover:border-blue-800/70 hover:text-blue-800/70"
                >
                  Search
                </button>
                <button
                  class="bg-slate-50 text-lg text-red-600 border hover:border-red-500 hover:font-bold border-gray-300 py-2 px-12 rounded-xl"
                >
                  Reset
                </button>
              </div>
            </div>
          </div>
          <p
            class="text-lg ml-8"
          >
            Search for a patient
          </p>
        </div>
      </div>
    </div>
  </body>,
  "container": <div>
    <div>
      <header
        class="bg-white shadow-md flex justify-between items-center"
      >
        <span
          class="cursor-pointer ml-3"
        >
          <a
            href="/"
          >
            <img
              src="/public/logo/ampath_Logo.png"
              width="180"
            />
          </a>
        </span>
        <nav
          class="md:mr-12"
        >
          <ul
            class="md:flex items-center gap-20"
          >
            <li
              class="text-sm"
            >
              Logged in as 
              <span
                class="uppercase"
              >
                <strong />
              </span>
            </li>
            <li
              class="text-lg flex gap-2 items-center hover:shadow-lg hover:bg-slate-300 p-2 rounded-sm cursor-pointer"
            >
              <svg
                fill="currentColor"
                height="1em"
                stroke="currentColor"
                stroke-width="0"
                viewBox="0 0 24 24"
                width="1em"
                xmlns="http://www.w3.org/2000/svg"
              >
                <path
                  d="M0 0h24v24H0z"
                  fill="none"
                />
                <path
                  d="M17 7l-1.41 1.41L18.17 11H8v2h10.17l-2.58 2.58L17 17l5-5zM4 5h8V3H4c-1.1 0-2 .9-2 2v14c0 1.1.9 2 2 2h8v-2H4V5z"
                />
              </svg>
              Log out
            </li>
          </ul>
        </nav>
      </header>
    </div>
    <div
      class="bg-themeColor overflow-y-auto h-screen pt-10"
    >
      <div
        class="w-[80%] ml-[12%]"
      >
        <div
          class="w-[90%] mx-auto"
        >
          <div
            class="md:flex gap-10 m-4 mx-auto w-[95%] md:ml-20"
          >
            <input
              class="py-2 px-4 md:w-[60%] w-full outline-none rounded-xl shadow-lg"
              placeholder="Search patient by name"
              type="text"
              value=""
            />
            <div
              class="flex md:gap-11 gap-3 mt-4"
            >
              <button
                class="bg-blue-800/70 text-lg text-white py-2 px-12 rounded-xl hover:bg-white border hover:border-blue-800/70 hover:text-blue-800/70"
              >
                Search
              </button>
              <button
                class="bg-slate-50 text-lg text-red-600 border hover:border-red-500 hover:font-bold border-gray-300 py-2 px-12 rounded-xl"
              >
                Reset
              </button>
            </div>
          </div>
        </div>
        <p
          class="text-lg ml-8"
        >
          Search for a patient
        </p>
      </div>
    </div>
  </div>,
  "debug": [Function],
  "findAllByAltText": [Function],
  "findAllByDisplayValue": [Function],
  "findAllByLabelText": [Function],
  "findAllByPlaceholderText": [Function],
  "findAllByRole": [Function],
  "findAllByTestId": [Function],
  "findAllByText": [Function],
  "findAllByTitle": [Function],
  "findByAltText": [Function],
  "findByDisplayValue": [Function],
  "findByLabelText": [Function],
  "findByPlaceholderText": [Function],
  "findByRole": [Function],
  "findByTestId": [Function],
  "findByText": [Function],
  "findByTitle": [Function],
  "getAllByAltText": [Function],
  "getAllByDisplayValue": [Function],
  "getAllByLabelText": [Function],
  "getAllByPlaceholderText": [Function],
  "getAllByRole": [Function],
  "getAllByTestId": [Function],
  "getAllByText": [Function],
  "getAllByTitle": [Function],
  "getByAltText": [Function],
  "getByDisplayValue": [Function],
  "getByLabelText": [Function],
  "getByPlaceholderText": [Function],
  "getByRole": [Function],
  "getByTestId": [Function],
  "getByText": [Function],
  "getByTitle": [Function],
  "queryAllByAltText": [Function],
  "queryAllByDisplayValue": [Function],
  "queryAllByLabelText": [Function],
  "queryAllByPlaceholderText": [Function],
  "queryAllByRole": [Function],
  "queryAllByTestId": [Function],
  "queryAllByText": [Function],
  "queryAllByTitle": [Function],
  "queryByAltText": [Function],
  "queryByDisplayValue": [Function],
  "queryByLabelText": [Function],
  "queryByPlaceholderText": [Function],
  "queryByRole": [Function],
  "queryByTestId": [Function],
  "queryByText": [Function],
  "queryByTitle": [Function],
  "rerender": [Function],
  "unmount": [Function],
}
`;

exports[`Home component > renders home cocorrectly 1`] = `
{
  "asFragment": [Function],
  "baseElement": <body>
    <div>
      <div>
        <header
          class="bg-white shadow-md flex justify-between items-center"
        >
          <span
            class="cursor-pointer ml-3"
          >
            <a
              href="/"
            >
              <img
                src="/public/logo/ampath_Logo.png"
                width="180"
              />
            </a>
          </span>
          <nav
            class="md:mr-12"
          >
            <ul
              class="md:flex items-center gap-20"
            >
              <li
                class="text-sm"
              >
                Logged in as 
                <span
                  class="uppercase"
                >
                  <strong />
                </span>
              </li>
              <li
                class="text-lg flex gap-2 items-center hover:shadow-lg hover:bg-slate-300 p-2 rounded-sm cursor-pointer"
              >
                <svg
                  fill="currentColor"
                  height="1em"
                  stroke="currentColor"
                  stroke-width="0"
                  viewBox="0 0 24 24"
                  width="1em"
                  xmlns="http://www.w3.org/2000/svg"
                >
                  <path
                    d="M0 0h24v24H0z"
                    fill="none"
                  />
                  <path
                    d="M17 7l-1.41 1.41L18.17 11H8v2h10.17l-2.58 2.58L17 17l5-5zM4 5h8V3H4c-1.1 0-2 .9-2 2v14c0 1.1.9 2 2 2h8v-2H4V5z"
                  />
                </svg>
                Log out
              </li>
            </ul>
          </nav>
        </header>
      </div>
      <div
        class="bg-themeColor overflow-y-auto h-screen pt-10"
      >
        <div
          class="w-[80%] ml-[12%]"
        >
          <div
            class="w-[90%] mx-auto"
          >
            <div
              class="md:flex gap-10 m-4 mx-auto w-[95%] md:ml-20"
            >
              <input
                class="py-2 px-4 md:w-[60%] w-full outline-none rounded-xl shadow-lg"
                placeholder="Search patient by name"
                type="text"
                value=""
              />
              <div
                class="flex md:gap-11 gap-3 mt-4"
              >
                <button
                  class="bg-blue-800/70 text-lg text-white py-2 px-12 rounded-xl hover:bg-white border hover:border-blue-800/70 hover:text-blue-800/70"
                >
                  Search
                </button>
                <button
                  class="bg-slate-50 text-lg text-red-600 border hover:border-red-500 hover:font-bold border-gray-300 py-2 px-12 rounded-xl"
                >
                  Reset
                </button>
              </div>
            </div>
          </div>
          <p
            class="text-lg ml-8"
          >
            Search for a patient
          </p>
        </div>
      </div>
    </div>
  </body>,
  "container": <div>
    <div>
      <header
        class="bg-white shadow-md flex justify-between items-center"
      >
        <span
          class="cursor-pointer ml-3"
        >
          <a
            href="/"
          >
            <img
              src="/public/logo/ampath_Logo.png"
              width="180"
            />
          </a>
        </span>
        <nav
          class="md:mr-12"
        >
          <ul
            class="md:flex items-center gap-20"
          >
            <li
              class="text-sm"
            >
              Logged in as 
              <span
                class="uppercase"
              >
                <strong />
              </span>
            </li>
            <li
              class="text-lg flex gap-2 items-center hover:shadow-lg hover:bg-slate-300 p-2 rounded-sm cursor-pointer"
            >
              <svg
                fill="currentColor"
                height="1em"
                stroke="currentColor"
                stroke-width="0"
                viewBox="0 0 24 24"
                width="1em"
                xmlns="http://www.w3.org/2000/svg"
              >
                <path
                  d="M0 0h24v24H0z"
                  fill="none"
                />
                <path
                  d="M17 7l-1.41 1.41L18.17 11H8v2h10.17l-2.58 2.58L17 17l5-5zM4 5h8V3H4c-1.1 0-2 .9-2 2v14c0 1.1.9 2 2 2h8v-2H4V5z"
                />
              </svg>
              Log out
            </li>
          </ul>
        </nav>
      </header>
    </div>
    <div
      class="bg-themeColor overflow-y-auto h-screen pt-10"
    >
      <div
        class="w-[80%] ml-[12%]"
      >
        <div
          class="w-[90%] mx-auto"
        >
          <div
            class="md:flex gap-10 m-4 mx-auto w-[95%] md:ml-20"
          >
            <input
              class="py-2 px-4 md:w-[60%] w-full outline-none rounded-xl shadow-lg"
              placeholder="Search patient by name"
              type="text"
              value=""
            />
            <div
              class="flex md:gap-11 gap-3 mt-4"
            >
              <button
                class="bg-blue-800/70 text-lg text-white py-2 px-12 rounded-xl hover:bg-white border hover:border-blue-800/70 hover:text-blue-800/70"
              >
                Search
              </button>
              <button
                class="bg-slate-50 text-lg text-red-600 border hover:border-red-500 hover:font-bold border-gray-300 py-2 px-12 rounded-xl"
              >
                Reset
              </button>
            </div>
          </div>
        </div>
        <p
          class="text-lg ml-8"
        >
          Search for a patient
        </p>
      </div>
    </div>
  </div>,
  "debug": [Function],
  "findAllByAltText": [Function],
  "findAllByDisplayValue": [Function],
  "findAllByLabelText": [Function],
  "findAllByPlaceholderText": [Function],
  "findAllByRole": [Function],
  "findAllByTestId": [Function],
  "findAllByText": [Function],
  "findAllByTitle": [Function],
  "findByAltText": [Function],
  "findByDisplayValue": [Function],
  "findByLabelText": [Function],
  "findByPlaceholderText": [Function],
  "findByRole": [Function],
  "findByTestId": [Function],
  "findByText": [Function],
  "findByTitle": [Function],
  "getAllByAltText": [Function],
  "getAllByDisplayValue": [Function],
  "getAllByLabelText": [Function],
  "getAllByPlaceholderText": [Function],
  "getAllByRole": [Function],
  "getAllByTestId": [Function],
  "getAllByText": [Function],
  "getAllByTitle": [Function],
  "getByAltText": [Function],
  "getByDisplayValue": [Function],
  "getByLabelText": [Function],
  "getByPlaceholderText": [Function],
  "getByRole": [Function],
  "getByTestId": [Function],
  "getByText": [Function],
  "getByTitle": [Function],
  "queryAllByAltText": [Function],
  "queryAllByDisplayValue": [Function],
  "queryAllByLabelText": [Function],
  "queryAllByPlaceholderText": [Function],
  "queryAllByRole": [Function],
  "queryAllByTestId": [Function],
  "queryAllByText": [Function],
  "queryAllByTitle": [Function],
  "queryByAltText": [Function],
  "queryByDisplayValue": [Function],
  "queryByLabelText": [Function],
  "queryByPlaceholderText": [Function],
  "queryByRole": [Function],
  "queryByTestId": [Function],
  "queryByText": [Function],
  "queryByTitle": [Function],
  "rerender": [Function],
  "unmount": [Function],
}
`;

exports[`Home component > renders home snaptshot correctly 1`] = `
{
  "asFragment": [Function],
  "baseElement": <body>
    <div>
      <div>
        <header
          class="bg-white shadow-md flex justify-between items-center"
        >
          <span
            class="cursor-pointer ml-3"
          >
            <a
              href="/"
            >
              <img
                src="/public/logo/ampath_Logo.png"
                width="180"
              />
            </a>
          </span>
          <nav
            class="md:mr-12"
          >
            <ul
              class="md:flex items-center gap-20"
            >
              <li
                class="text-sm"
              >
                Logged in as 
                <span
                  class="uppercase"
                >
                  <strong />
                </span>
              </li>
              <li
                class="text-lg flex gap-2 items-center hover:shadow-lg hover:bg-slate-300 p-2 rounded-sm cursor-pointer"
              >
                <svg
                  fill="currentColor"
                  height="1em"
                  stroke="currentColor"
                  stroke-width="0"
                  viewBox="0 0 24 24"
                  width="1em"
                  xmlns="http://www.w3.org/2000/svg"
                >
                  <path
                    d="M0 0h24v24H0z"
                    fill="none"
                  />
                  <path
                    d="M17 7l-1.41 1.41L18.17 11H8v2h10.17l-2.58 2.58L17 17l5-5zM4 5h8V3H4c-1.1 0-2 .9-2 2v14c0 1.1.9 2 2 2h8v-2H4V5z"
                  />
                </svg>
                Log out
              </li>
            </ul>
          </nav>
        </header>
      </div>
      <div
        class="bg-themeColor overflow-y-auto h-screen pt-10"
      >
        <div
          class="w-[80%] ml-[12%]"
        >
          <div
            class="w-[90%] mx-auto"
          >
            <div
              class="md:flex gap-10 m-4 mx-auto w-[95%] md:ml-20"
            >
              <input
                class="py-2 px-4 md:w-[60%] w-full outline-none rounded-xl shadow-lg"
                placeholder="Search patient by name"
                type="text"
                value=""
              />
              <div
                class="flex md:gap-11 gap-3 mt-4"
              >
                <button
                  class="bg-blue-800/70 text-lg text-white py-2 px-12 rounded-xl hover:bg-white border hover:border-blue-800/70 hover:text-blue-800/70"
                >
                  Search
                </button>
                <button
                  class="bg-slate-50 text-lg text-red-600 border hover:border-red-500 hover:font-bold border-gray-300 py-2 px-12 rounded-xl"
                >
                  Reset
                </button>
              </div>
            </div>
          </div>
          <p
            class="text-lg ml-8"
          >
            Search for a patient
          </p>
        </div>
      </div>
    </div>
  </body>,
  "container": <div>
    <div>
      <header
        class="bg-white shadow-md flex justify-between items-center"
      >
        <span
          class="cursor-pointer ml-3"
        >
          <a
            href="/"
          >
            <img
              src="/public/logo/ampath_Logo.png"
              width="180"
            />
          </a>
        </span>
        <nav
          class="md:mr-12"
        >
          <ul
            class="md:flex items-center gap-20"
          >
            <li
              class="text-sm"
            >
              Logged in as 
              <span
                class="uppercase"
              >
                <strong />
              </span>
            </li>
            <li
              class="text-lg flex gap-2 items-center hover:shadow-lg hover:bg-slate-300 p-2 rounded-sm cursor-pointer"
            >
              <svg
                fill="currentColor"
                height="1em"
                stroke="currentColor"
                stroke-width="0"
                viewBox="0 0 24 24"
                width="1em"
                xmlns="http://www.w3.org/2000/svg"
              >
                <path
                  d="M0 0h24v24H0z"
                  fill="none"
                />
                <path
                  d="M17 7l-1.41 1.41L18.17 11H8v2h10.17l-2.58 2.58L17 17l5-5zM4 5h8V3H4c-1.1 0-2 .9-2 2v14c0 1.1.9 2 2 2h8v-2H4V5z"
                />
              </svg>
              Log out
            </li>
          </ul>
        </nav>
      </header>
    </div>
    <div
      class="bg-themeColor overflow-y-auto h-screen pt-10"
    >
      <div
        class="w-[80%] ml-[12%]"
      >
        <div
          class="w-[90%] mx-auto"
        >
          <div
            class="md:flex gap-10 m-4 mx-auto w-[95%] md:ml-20"
          >
            <input
              class="py-2 px-4 md:w-[60%] w-full outline-none rounded-xl shadow-lg"
              placeholder="Search patient by name"
              type="text"
              value=""
            />
            <div
              class="flex md:gap-11 gap-3 mt-4"
            >
              <button
                class="bg-blue-800/70 text-lg text-white py-2 px-12 rounded-xl hover:bg-white border hover:border-blue-800/70 hover:text-blue-800/70"
              >
                Search
              </button>
              <button
                class="bg-slate-50 text-lg text-red-600 border hover:border-red-500 hover:font-bold border-gray-300 py-2 px-12 rounded-xl"
              >
                Reset
              </button>
            </div>
          </div>
        </div>
        <p
          class="text-lg ml-8"
        >
          Search for a patient
        </p>
      </div>
    </div>
  </div>,
  "debug": [Function],
  "findAllByAltText": [Function],
  "findAllByDisplayValue": [Function],
  "findAllByLabelText": [Function],
  "findAllByPlaceholderText": [Function],
  "findAllByRole": [Function],
  "findAllByTestId": [Function],
  "findAllByText": [Function],
  "findAllByTitle": [Function],
  "findByAltText": [Function],
  "findByDisplayValue": [Function],
  "findByLabelText": [Function],
  "findByPlaceholderText": [Function],
  "findByRole": [Function],
  "findByTestId": [Function],
  "findByText": [Function],
  "findByTitle": [Function],
  "getAllByAltText": [Function],
  "getAllByDisplayValue": [Function],
  "getAllByLabelText": [Function],
  "getAllByPlaceholderText": [Function],
  "getAllByRole": [Function],
  "getAllByTestId": [Function],
  "getAllByText": [Function],
  "getAllByTitle": [Function],
  "getByAltText": [Function],
  "getByDisplayValue": [Function],
  "getByLabelText": [Function],
  "getByPlaceholderText": [Function],
  "getByRole": [Function],
  "getByTestId": [Function],
  "getByText": [Function],
  "getByTitle": [Function],
  "queryAllByAltText": [Function],
  "queryAllByDisplayValue": [Function],
  "queryAllByLabelText": [Function],
  "queryAllByPlaceholderText": [Function],
  "queryAllByRole": [Function],
  "queryAllByTestId": [Function],
  "queryAllByText": [Function],
  "queryAllByTitle": [Function],
  "queryByAltText": [Function],
  "queryByDisplayValue": [Function],
  "queryByLabelText": [Function],
  "queryByPlaceholderText": [Function],
  "queryByRole": [Function],
  "queryByTestId": [Function],
  "queryByText": [Function],
  "queryByTitle": [Function],
  "rerender": [Function],
  "unmount": [Function],
}
`;
