// Vitest Snapshot v1

exports[`Patient component > renders patient snaptshot correctly 1`] = `
{
  "asFragment": [Function],
  "baseElement": <body>
    <div>
      <div
        class="h-28"
      />
      <div
        class="bg-themeColor overflow-y-auto h-screen pt-10"
      >
        <div
          class="w-[80%] mx-auto"
        >
          <div
            class="w-[90%] mx-auto"
          >
            <div
              class="md:flex gap-10 m-4 mx-auto w-[95%] md:ml-20"
            >
              <input
                class="py-2 px-4 md:w-[60%] w-full outline-none rounded-xl shadow-lg"
                placeholder="Search patient by name"
                type="text"
                value=""
              />
              <div
                class="flex md:gap-11 gap-3 mt-4"
              >
                <button
                  class="bg-blue-800/70 md:text-lg text-white py-2 px-12 rounded-xl hover:bg-white border hover:border-blue-800/70 hover:text-blue-800/70"
                >
                  Search
                </button>
                <button
                  class="bg-slate-50 md:text-lg text-red-600 border hover:border-red-500 hover:font-bold border-gray-300 py-2 px-12 rounded-xl"
                >
                  Reset
                </button>
                <button
                  class="bg-gray-3c00 md:text-lg flex items-center gap-2 hover:font-bold border-gray-300 py-1 px-4 rounded"
                >
                  <svg
                    fill="currentColor"
                    height="1em"
                    stroke="currentColor"
                    stroke-width="0"
                    viewBox="0 0 512 512"
                    width="1em"
                    xmlns="http://www.w3.org/2000/svg"
                  >
                    <path
                      d="M16 120h480v48H16zm80 112h320v48H96zm96 112h128v48H192z"
                    />
                  </svg>
                  Filters
                </button>
              </div>
            </div>
          </div>
          <p
            class="text-lg ml-8"
          >
            Search for a patient here
          </p>
        </div>
      </div>
    </div>
  </body>,
  "container": <div>
    <div
      class="h-28"
    />
    <div
      class="bg-themeColor overflow-y-auto h-screen pt-10"
    >
      <div
        class="w-[80%] mx-auto"
      >
        <div
          class="w-[90%] mx-auto"
        >
          <div
            class="md:flex gap-10 m-4 mx-auto w-[95%] md:ml-20"
          >
            <input
              class="py-2 px-4 md:w-[60%] w-full outline-none rounded-xl shadow-lg"
              placeholder="Search patient by name"
              type="text"
              value=""
            />
            <div
              class="flex md:gap-11 gap-3 mt-4"
            >
              <button
                class="bg-blue-800/70 md:text-lg text-white py-2 px-12 rounded-xl hover:bg-white border hover:border-blue-800/70 hover:text-blue-800/70"
              >
                Search
              </button>
              <button
                class="bg-slate-50 md:text-lg text-red-600 border hover:border-red-500 hover:font-bold border-gray-300 py-2 px-12 rounded-xl"
              >
                Reset
              </button>
              <button
                class="bg-gray-3c00 md:text-lg flex items-center gap-2 hover:font-bold border-gray-300 py-1 px-4 rounded"
              >
                <svg
                  fill="currentColor"
                  height="1em"
                  stroke="currentColor"
                  stroke-width="0"
                  viewBox="0 0 512 512"
                  width="1em"
                  xmlns="http://www.w3.org/2000/svg"
                >
                  <path
                    d="M16 120h480v48H16zm80 112h320v48H96zm96 112h128v48H192z"
                  />
                </svg>
                Filters
              </button>
            </div>
          </div>
        </div>
        <p
          class="text-lg ml-8"
        >
          Search for a patient here
        </p>
      </div>
    </div>
  </div>,
  "debug": [Function],
  "findAllByAltText": [Function],
  "findAllByDisplayValue": [Function],
  "findAllByLabelText": [Function],
  "findAllByPlaceholderText": [Function],
  "findAllByRole": [Function],
  "findAllByTestId": [Function],
  "findAllByText": [Function],
  "findAllByTitle": [Function],
  "findByAltText": [Function],
  "findByDisplayValue": [Function],
  "findByLabelText": [Function],
  "findByPlaceholderText": [Function],
  "findByRole": [Function],
  "findByTestId": [Function],
  "findByText": [Function],
  "findByTitle": [Function],
  "getAllByAltText": [Function],
  "getAllByDisplayValue": [Function],
  "getAllByLabelText": [Function],
  "getAllByPlaceholderText": [Function],
  "getAllByRole": [Function],
  "getAllByTestId": [Function],
  "getAllByText": [Function],
  "getAllByTitle": [Function],
  "getByAltText": [Function],
  "getByDisplayValue": [Function],
  "getByLabelText": [Function],
  "getByPlaceholderText": [Function],
  "getByRole": [Function],
  "getByTestId": [Function],
  "getByText": [Function],
  "getByTitle": [Function],
  "queryAllByAltText": [Function],
  "queryAllByDisplayValue": [Function],
  "queryAllByLabelText": [Function],
  "queryAllByPlaceholderText": [Function],
  "queryAllByRole": [Function],
  "queryAllByTestId": [Function],
  "queryAllByText": [Function],
  "queryAllByTitle": [Function],
  "queryByAltText": [Function],
  "queryByDisplayValue": [Function],
  "queryByLabelText": [Function],
  "queryByPlaceholderText": [Function],
  "queryByRole": [Function],
  "queryByTestId": [Function],
  "queryByText": [Function],
  "queryByTitle": [Function],
  "rerender": [Function],
  "unmount": [Function],
}
`;
